Server avviato e in ascolto
[THREAD-103] Nuovo client connesso
[THREAD-198] Nuovo client connesso
[THREAD-105] Nuovo client connesso
[THREAD-105] Ha inviato 142
[THREAD-105] Il server ha risposto con 223
[THREAD-105] Ha inviato 23
[THREAD-105] Il server ha risposto con 278
[THREAD-105] Ha inviato 183
[THREAD-105] Il server ha risposto con 257
[THREAD-105] Ha inviato 201
[THREAD-105] Il server ha risposto con 437
[THREAD-105] Ha inviato 247
[THREAD-105] Il server ha risposto con 288
[THREAD-105] Ha inviato 91
[THREAD-105] Il server ha risposto con 296
[THREAD-105] Ha inviato 179
[THREAD-105] Il server ha risposto con 365
[THREAD-105] Ha inviato 139
[THREAD-105] Il server ha risposto con 310
[THREAD-105] Ha inviato 219
[THREAD-105] Il server ha risposto con 461
[THREAD-105] Ha inviato 107
[THREAD-105] Il server ha risposto con 358
[THREAD-105] Ha inviato 98
[THREAD-105] Il server ha risposto con 325
Server avviato e in ascolto
Server avviato e in ascolto
[THREAD-103] Nuovo client connesso
[THREAD-103] Nuovo client connesso
[THREAD-103] Ha inviato 196
[THREAD-103] Il server ha risposto con 755040256
[THREAD-103] Ha inviato 92
[THREAD-103] Il server ha risposto con -822083584
[THREAD-103] Ha inviato 231
[THREAD-103] Il server ha risposto con 939589632
[THREAD-103] Ha inviato 176
[THREAD-103] Il server ha risposto con -1358888960
[THREAD-103] Ha inviato 73
[THREAD-103] Il server ha risposto con -1828716544
[THREAD-103] Ha inviato 63
[THREAD-103] Il server ha risposto con 721485824
[THREAD-103] Ha inviato 171
[THREAD-103] Il server ha risposto con -738197504
[THREAD-103] Ha inviato 41
[THREAD-103] Il server ha risposto con -167772160
[THREAD-103] Ha inviato 96
[THREAD-103] Il server ha risposto con 436273152
[THREAD-103] Ha inviato 238
[THREAD-103] Il server ha risposto con -1727987712
[THREAD-103] Ha inviato 199
[THREAD-103] Il server ha risposto con -1191116800
[THREAD-198] Nuovo client connesso
[THREAD-198] Ha inviato 230
[THREAD-198] Il server ha risposto con -922681344
[THREAD-198] Ha inviato 128
[THREAD-198] Il server ha risposto con -973078528
[THREAD-198] Ha inviato 73
[THREAD-198] Il server ha risposto con -989855744
[THREAD-198] Ha inviato 66
[THREAD-198] Il server ha risposto con 67174400
[THREAD-198] Ha inviato 41
[THREAD-198] Il server ha risposto con 2097152000
[THREAD-198] Ha inviato 211
[THREAD-198] Il server ha risposto con -889126912
[THREAD-198] Ha inviato 111
[THREAD-198] Il server ha risposto con -1979711488
[THREAD-198] Ha inviato 248
[THREAD-198] Il server ha risposto con -536805376
[THREAD-198] Ha inviato 129
[THREAD-198] Il server ha risposto con 1744896000
[THREAD-198] Ha inviato 106
[THREAD-198] Il server ha risposto con -150994944
[THREAD-198] Ha inviato 28
[THREAD-198] Il server ha risposto con -1845493760
[THREAD-198] Ha inviato 115
[THREAD-198] Il server ha risposto con -855638016
[THREAD-198] Ha inviato 225
[THREAD-198] Il server ha risposto con 251723776
[THREAD-198] Ha inviato 76
[THREAD-198] Il server ha risposto con -1358954496
[THREAD-198] Ha inviato 2
[THREAD-198] Il server ha risposto con 889192448
[THREAD-198] Ha inviato 150
[THREAD-198] Il server ha risposto con 889257984
[THREAD-198] Ha inviato 231
[THREAD-198] Il server ha risposto con -1342111744
[THREAD-198] Ha inviato 55
[THREAD-198] Il server ha risposto con -788529152
[THREAD-198] Ha inviato 96
[THREAD-198] Il server ha risposto con -973078528
[THREAD-198] Ha inviato 0
[THREAD-198] Il server ha risposto con 838860800
[THREAD-198] Ha inviato 248
[THREAD-198] Il server ha risposto con 83951616
[THREAD-198] Ha inviato 126
[THREAD-198] Il server ha risposto con 889257984
[THREAD-198] Ha inviato 115
[THREAD-198] Il server ha risposto con -1543503872
[THREAD-198] Ha inviato 56
[THREAD-198] Il server ha risposto con -1879048192
[THREAD-198] Ha inviato 95
[THREAD-198] Il server ha risposto con 33619968
[THREAD-198] Ha inviato 162
[THREAD-198] Il server ha risposto con -67108864
[THREAD-198] Ha inviato 121
[THREAD-198] Il server ha risposto con -1644167168
[THREAD-198] Ha inviato 101
[THREAD-198] Il server ha risposto con -1040187392
[THREAD-198] Ha inviato 174
[THREAD-198] Il server ha risposto con -1291845632
[THREAD-198] Ha inviato 13
[THREAD-198] Il server ha risposto con 603979776
[THREAD-198] Ha inviato 99
[THREAD-198] Il server ha risposto con -1157627904
[THREAD-198] Ha inviato 149
[THREAD-198] Il server ha risposto con 2113994752
[THREAD-198] Ha inviato 142
[THREAD-198] Il server ha risposto con -335544320
[THREAD-198] Ha inviato 173
[THREAD-198] Il server ha risposto con -2130640896
[THREAD-198] Ha inviato 215
[THREAD-198] Il server ha risposto con -2113863680
[THREAD-198] Ha inviato 183
[THREAD-198] Il server ha risposto con 1761673216
[THREAD-198] Ha inviato 128
[THREAD-198] Il server ha risposto con 1291911168
[THREAD-198] Ha inviato 70
[THREAD-198] Il server ha risposto con 201392128
[THREAD-198] Ha inviato 176
[THREAD-198] Il server ha risposto con 1258356736
[THREAD-198] Ha inviato 2
[THREAD-198] Il server ha risposto con -1241513984
[THREAD-198] Ha inviato 177
[THREAD-198] Il server ha risposto con 83951616
[THREAD-198] Ha inviato 204
[THREAD-198] Il server ha risposto con -587202560
[THREAD-198] Ha inviato 117
[THREAD-198] Il server ha risposto con -2097152000
[THREAD-198] Ha inviato 146
[THREAD-198] Il server ha risposto con 335609856
[THREAD-198] Ha inviato 24
[THREAD-198] Il server ha risposto con -1946157056
[THREAD-198] Ha inviato 120
[THREAD-198] Il server ha risposto con -1191182336
[THREAD-198] Ha inviato 40
[THREAD-198] Il server ha risposto con 1224736768
[THREAD-198] Ha inviato 0
[THREAD-198] Il server ha risposto con 1023410176
[THREAD-198] Ha inviato 175
[THREAD-198] Il server ha risposto con -1962868736
[THREAD-198] Ha inviato 137
[THREAD-198] Il server ha risposto con 268500992
[THREAD-198] Ha inviato 0
[THREAD-198] Il server ha risposto con 1879048192
[THREAD-198] Ha inviato 167
[THREAD-198] Il server ha risposto con -1878982656
[THREAD-198] Ha inviato 7
[THREAD-198] Il server ha risposto con 1157627904
[THREAD-198] Ha inviato 115
[THREAD-198] Il server ha risposto con 335609856
[THREAD-198] Ha inviato 223
[THREAD-198] Il server ha risposto con 536936448
[THREAD-198] Ha inviato 103
[THREAD-198] Il server ha risposto con 1208025088
[THREAD-198] Ha inviato 21
[THREAD-198] Il server ha risposto con 285278208
[THREAD-198] Ha inviato 88
[THREAD-198] Il server ha risposto con -1090519040
[THREAD-198] Ha inviato 204
[THREAD-198] Il server ha risposto con 167837696
[THREAD-198] Ha inviato 196
[THREAD-198] Il server ha risposto con -989855744
[THREAD-198] Ha inviato 102
[THREAD-198] Il server ha risposto con -469762048
[THREAD-198] Ha inviato 47
[THREAD-198] Il server ha risposto con -973078528
[THREAD-198] Ha inviato 89
[THREAD-198] Il server ha risposto con 1124139008
[THREAD-198] Ha inviato 244
[THREAD-198] Il server ha risposto con -805240832
[THREAD-198] Ha inviato 220
[THREAD-198] Il server ha risposto con 1191247872
[THREAD-198] Ha inviato 48
[THREAD-198] Il server ha risposto con -973078528
[THREAD-198] Ha inviato 171
[THREAD-198] Il server ha risposto con 973144064
[THREAD-198] Ha inviato 93
[THREAD-198] Il server ha risposto con -1795162112
[THREAD-198] Ha inviato 118
[THREAD-198] Il server ha risposto con -771751936
[THREAD-198] Ha inviato 91
[THREAD-198] Il server ha risposto con -2063597568
[THREAD-198] Ha inviato 95
[THREAD-198] Il server ha risposto con 1258356736
[THREAD-198] Ha inviato 39
[THREAD-198] Il server ha risposto con -687865856
[THREAD-198] Ha inviato 39
[THREAD-198] Il server ha risposto con 1644167168
[THREAD-198] Ha inviato 212
[THREAD-198] Il server ha risposto con -822018048
[THREAD-198] Ha inviato 186
[THREAD-198] Il server ha risposto con -335544320
[THREAD-198] Ha inviato 64
[THREAD-198] Il server ha risposto con -285212672
[THREAD-198] Ha inviato 76
[THREAD-198] Il server ha risposto con -2013265920
[THREAD-198] Ha inviato 226
[THREAD-198] Il server ha risposto con 906035200
[THREAD-198] Ha inviato 64
[THREAD-198] Il server ha risposto con 738263040
[THREAD-198] Ha inviato 251
[THREAD-198] Il server ha risposto con 318832640
[THREAD-198] Ha inviato 107
[THREAD-198] Il server ha risposto con 1174470656
[THREAD-198] Ha inviato 64
[THREAD-198] Il server ha risposto con -1677721600
[THREAD-198] Ha inviato 162
[THREAD-198] Il server ha risposto con -1543503872
[THREAD-198] Ha inviato 115
[THREAD-198] Il server ha risposto con -1929379840
[THREAD-198] Ha inviato 179
[THREAD-198] Il server ha risposto con -1325334528
[THREAD-198] Ha inviato 130
[THREAD-198] Il server ha risposto con -989855744
[THREAD-198] Ha inviato 218
[THREAD-198] Il server ha risposto con -721354752
[THREAD-198] Ha inviato 200
[THREAD-198] Il server ha risposto con -1040121856
[THREAD-198] Ha inviato 218
[THREAD-198] Il server ha risposto con -2080309248
[THREAD-198] Ha inviato 166
[THREAD-198] Il server ha risposto con -536870912
[THREAD-198] Ha inviato 140
[THREAD-198] Il server ha risposto con -2029977600
[THREAD-198] Ha inviato 64
[THREAD-198] Il server ha risposto con 1761607680
[THREAD-198] Ha inviato 213
[THREAD-198] Il server ha risposto con -1509883904
[THREAD-198] Ha inviato 229
[THREAD-198] Il server ha risposto con -889126912
[THREAD-198] Ha inviato 52
[THREAD-198] Il server ha risposto con 956301312
[THREAD-198] Ha inviato 178
[THREAD-198] Il server ha risposto con -301989888
[THREAD-198] Ha inviato 21
[THREAD-198] Il server ha risposto con -1862270976
[THREAD-198] Ha inviato 224
[THREAD-198] Il server ha risposto con 1946222592
[THREAD-198] Ha inviato 15
[THREAD-198] Il server ha risposto con -2080374784
[THREAD-198] Ha inviato 140
[THREAD-198] Il server ha risposto con 1677787136
[THREAD-198] Ha inviato 59
[THREAD-198] Il server ha risposto con -117440512
[THREAD-198] Ha inviato 110
[THREAD-198] Il server ha risposto con -822083584
[THREAD-198] Ha inviato 179
[THREAD-198] Il server ha risposto con 1006698496
[THREAD-198] Ha inviato 99
[THREAD-198] Il server ha risposto con 1543569408
[THREAD-198] Ha inviato 66
[THREAD-198] Il server ha risposto con -1644167168
[THREAD-198] Ha inviato 109
[THREAD-198] Il server ha risposto con 671154176
[THREAD-198] Ha inviato 163
[THREAD-198] Il server ha risposto con 1258356736
[THREAD-198] Ha inviato 143
[THREAD-198] Il server ha risposto con 671154176
[THREAD-198] Ha inviato 80
[THREAD-198] Il server ha risposto con 1593835520
[THREAD-198] Ha inviato 227
[THREAD-198] Il server ha risposto con 2013331456
[THREAD-198] Ha inviato 138
[THREAD-198] Il server ha risposto con 989921280
[THREAD-198] Ha inviato 187
[THREAD-198] Il server ha risposto con -1509883904
[THREAD-198] Ha inviato 35
[THREAD-198] Il server ha risposto con 335609856
[THREAD-198] Ha inviato 45
[THREAD-198] Il server ha risposto con -536870912
[THREAD-198] Ha inviato 46
[THREAD-198] Il server ha risposto con 855638016
[THREAD-198] Ha inviato 214
[THREAD-198] Il server ha risposto con -989790208
[THREAD-198] Ha inviato 175
[THREAD-198] Il server ha risposto con -1509883904
[THREAD-198] Ha inviato 8
[THREAD-198] Il server ha risposto con 134217728
[THREAD-198] Ha inviato 158
[THREAD-198] Il server ha risposto con -2029977600
[THREAD-198] Ha inviato 137
[THREAD-198] Il server ha risposto con 704708608
[THREAD-198] Ha inviato 174
[THREAD-198] Il server ha risposto con -402653184
[THREAD-198] Ha inviato 43
[THREAD-198] Il server ha risposto con 268500992
[THREAD-198] Ha inviato 202
[THREAD-198] Il server ha risposto con -1811873792
[THREAD-198] Ha inviato 132
[THREAD-198] Il server ha risposto con -1895825408
[THREAD-198] Ha inviato 16
[THREAD-198] Il server ha risposto con -620756992
[THREAD-198] Ha inviato 254
[THREAD-198] Il server ha risposto con -838795264
[THREAD-198] Ha inviato 54
[THREAD-198] Il server ha risposto con 2113929216
[THREAD-198] Ha inviato 38
[THREAD-198] Il server ha risposto con 1828716544
[THREAD-198] Ha inviato 222
[THREAD-198] Il server ha risposto con 1107361792
[THREAD-198] Ha inviato 69
[THREAD-198] Il server ha risposto con 33619968
[THREAD-198] Ha inviato 178
[THREAD-198] Il server ha risposto con -788529152
[THREAD-198] Ha inviato 26
[THREAD-198] Il server ha risposto con 1023410176
[THREAD-198] Ha inviato 179
[THREAD-198] Il server ha risposto con -788529152
[THREAD-198] Ha inviato 101
[THREAD-198] Il server ha risposto con 218169344
[THREAD-198] Ha inviato 125
[THREAD-198] Il server ha risposto con -1728053248
[THREAD-198] Ha inviato 245
[THREAD-198] Il server ha risposto con 1879113728
[THREAD-198] Ha inviato 211
[THREAD-198] Il server ha risposto con 922812416
[THREAD-198] Ha inviato 32
[THREAD-198] Il server ha risposto con -452984832
[THREAD-198] Ha inviato 132
[THREAD-198] Il server ha risposto con -1744830464
[THREAD-198] Ha inviato 35
[THREAD-198] Il server ha risposto con -1778384896
[THREAD-198] Ha inviato 3
[THREAD-198] Il server ha risposto con 1560281088
[THREAD-198] Ha inviato 15
[THREAD-198] Il server ha risposto con -738197504
[THREAD-198] Ha inviato 222
[THREAD-198] Il server ha risposto con 1006698496
[THREAD-198] Ha inviato 38
[THREAD-198] Il server ha risposto con 1895825408
[THREAD-198] Ha inviato 60
[THREAD-198] Il server ha risposto con -1258291200
[THREAD-198] Ha inviato 13
[THREAD-198] Il server ha risposto con 1879048192
[THREAD-198] Ha inviato 252
[THREAD-198] Il server ha risposto con 922812416
[THREAD-198] Ha inviato 235
[THREAD-198] Il server ha risposto con 1526792192
[THREAD-198] Ha inviato 21
[THREAD-198] Il server ha risposto con 2030043136
[THREAD-198] Ha inviato 154
[THREAD-198] Il server ha risposto con -1107296256
[THREAD-198] Ha inviato 116
[THREAD-198] Il server ha risposto con -2063597568
[THREAD-198] Ha inviato 196
[THREAD-198] Il server ha risposto con 1644232704
[THREAD-198] Ha inviato 197
[THREAD-198] Il server ha risposto con -838860800
[THREAD-198] Ha inviato 62
[THREAD-198] Il server ha risposto con 436273152
[THREAD-198] Ha inviato 72
[THREAD-198] Il server ha risposto con -234881024
[THREAD-198] Ha inviato 214
[THREAD-198] Il server ha risposto con -1442775040
[THREAD-198] Ha inviato 61
[THREAD-198] Il server ha risposto con -385875968
[THREAD-198] Ha inviato 126
[THREAD-198] Il server ha risposto con 1879113728
[THREAD-198] Ha inviato 252
[THREAD-198] Il server ha risposto con 385941504
[THREAD-198] Ha inviato 27
[THREAD-198] Il server ha risposto con 721420288
[THREAD-198] Ha inviato 195
[THREAD-198] Il server ha risposto con 1912668160
[THREAD-198] Ha inviato 174
[THREAD-198] Il server ha risposto con -385875968
[THREAD-198] Ha inviato 53
[THREAD-198] Il server ha risposto con 1744830464
[THREAD-198] Ha inviato 118
[THREAD-198] Il server ha risposto con 1124139008
[THREAD-198] Ha inviato 19
[THREAD-198] Il server ha risposto con -167772160
[THREAD-198] Ha inviato 178
[THREAD-198] Il server ha risposto con 33619968
[THREAD-198] Ha inviato 107
[THREAD-198] Il server ha risposto con -1291845632
[THREAD-198] Ha inviato 230
[THREAD-198] Il server ha risposto con 755040256
[THREAD-198] Ha inviato 210
[THREAD-198] Il server ha risposto con -419430400
[THREAD-198] Ha inviato 240
[THREAD-198] Il server ha risposto con 1275133952
[THREAD-198] Ha inviato 9
[THREAD-198] Il server ha risposto con -1006632960
[THREAD-198] Ha inviato 213
[THREAD-198] Il server ha risposto con 1140916224
[THREAD-198] Ha inviato 255
[THREAD-198] Il server ha risposto con 553713664
[THREAD-198] Ha inviato 232
[THREAD-198] Il server ha risposto con 16842752
[THREAD-198] Ha inviato 251
[THREAD-198] Il server ha risposto con -1258225664
[THREAD-198] Ha inviato 59
[THREAD-198] Il server ha risposto con -704643072
[THREAD-198] Ha inviato 245
[THREAD-198] Il server ha risposto con 1912668160
[THREAD-198] Ha inviato 247
[THREAD-198] Il server ha risposto con -335478784
[THREAD-198] Ha inviato 38
[THREAD-198] Il server ha risposto con 822083584
[THREAD-198] Ha inviato 10
[THREAD-198] Il server ha risposto con -352321536
[THREAD-198] Ha inviato 146
[THREAD-198] Il server ha risposto con -1409286144
[THREAD-198] Ha inviato 154
[THREAD-198] Il server ha risposto con -1241513984
[THREAD-198] Ha inviato 206
[THREAD-198] Il server ha risposto con 1291911168
[THREAD-198] Ha inviato 87
[THREAD-198] Il server ha risposto con 2046820352
[THREAD-198] Ha inviato 217
[THREAD-198] Il server ha risposto con -788463616
[THREAD-198] Ha inviato 22
[THREAD-198] Il server ha risposto con 1056964608
[THREAD-198] Ha inviato 45
[THREAD-198] Il server ha risposto con 620822528
[THREAD-198] Ha inviato 22
[THREAD-198] Il server ha risposto con -1174405120
[THREAD-198] Ha inviato 148
[THREAD-198] Il server ha risposto con -1358954496
[THREAD-198] Ha inviato 41
[THREAD-198] Il server ha risposto con 1006632960
[THREAD-198] Ha inviato 49
[THREAD-198] Il server ha risposto con -436207616
[THREAD-198] Ha inviato 87
[THREAD-198] Il server ha risposto con 553713664
[THREAD-198] Ha inviato 215
[THREAD-198] Il server ha risposto con 620822528
[THREAD-198] Ha inviato 103
[THREAD-198] Il server ha risposto con 1325465600
[THREAD-198] Ha inviato 205
[THREAD-198] Il server ha risposto con 1694564352
[THREAD-198] Ha inviato 235
[THREAD-198] Il server ha risposto con 486604800
[THREAD-198] Ha inviato 25
[THREAD-198] Il server ha risposto con 1358954496
[THREAD-198] Ha inviato 57
[THREAD-198] Il server ha risposto con 419495936
[THREAD-198] Ha inviato 209
[THREAD-198] Il server ha risposto con 1241579520
[THREAD-198] Ha inviato 236
[THREAD-198] Il server ha risposto con 956366848
[THREAD-198] Ha inviato 41
[THREAD-198] Il server ha risposto con 1711276032
[THREAD-198] Ha inviato 219
[THREAD-198] Il server ha risposto con 251723776
[THREAD-198] Ha inviato 193
[THREAD-198] Il server ha risposto con 2097217536
[THREAD-198] Ha inviato 40
[THREAD-198] Il server ha risposto con -2030043136
[THREAD-198] Ha inviato 195
[THREAD-198] Il server ha risposto con 285278208
[THREAD-198] Ha inviato 189
[THREAD-198] Il server ha risposto con 872480768
[THREAD-198] Ha inviato 99
[THREAD-198] Il server ha risposto con 1560346624
[THREAD-198] Ha inviato 184
[THREAD-198] Il server ha risposto con -2097086464
[THREAD-198] Ha inviato 180
[THREAD-198] Il server ha risposto con 536936448
[THREAD-198] Ha inviato 137
[THREAD-198] Il server ha risposto con -1912602624
[THREAD-198] Ha inviato 194
[THREAD-198] Il server ha risposto con 1845559296
[THREAD-198] Ha inviato 70
[THREAD-198] Il server ha risposto con -872415232
[THREAD-198] Ha inviato 35
[THREAD-198] Il server ha risposto con 1140850688
[THREAD-198] Ha inviato 145
[THREAD-198] Il server ha risposto con -1140850688
[THREAD-198] Ha inviato 158
[THREAD-198] Il server ha risposto con 1208025088
[THREAD-198] Ha inviato 252
[THREAD-198] Il server ha risposto con 369164288
[THREAD-198] Ha inviato 167
[THREAD-198] Il server ha risposto con -67108864
[THREAD-198] Ha inviato 203
[THREAD-198] Il server ha risposto con 1828782080
[THREAD-198] Ha inviato 18
[THREAD-198] Il server ha risposto con -805306368
[THREAD-198] Ha inviato 60
[THREAD-198] Il server ha risposto con -1409286144
[THREAD-198] Ha inviato 245
[THREAD-198] Il server ha risposto con -1442775040
[THREAD-198] Ha inviato 68
[THREAD-198] Il server ha risposto con -1224736768
[THREAD-198] Ha inviato 147
[THREAD-198] Il server ha risposto con -838860800
[THREAD-198] Ha inviato 204
[THREAD-198] Il server ha risposto con -805306368
[THREAD-198] Ha inviato 171
[THREAD-198] Il server ha risposto con 117506048
[THREAD-198] Ha inviato 97
[THREAD-198] Il server ha risposto con 872480768
[THREAD-198] Ha inviato 183
[THREAD-198] Il server ha risposto con -318767104
[THREAD-198] Ha inviato 196
[THREAD-198] Il server ha risposto con 1476460544
[THREAD-198] Ha inviato 154
[THREAD-198] Il server ha risposto con 1291911168
[THREAD-198] Ha inviato 137
[THREAD-198] Il server ha risposto con 939589632
[THREAD-198] Ha inviato 176
[THREAD-198] Il server ha risposto con -1845428224
[THREAD-198] Ha inviato 195
[THREAD-198] Il server ha risposto con -1291780096
[THREAD-198] Ha inviato 100
[THREAD-198] Il server ha risposto con 1208025088
[THREAD-198] Ha inviato 114
[THREAD-198] Il server ha risposto con 268500992
[THREAD-198] Ha inviato 235
[THREAD-198] Il server ha risposto con 973144064
[THREAD-198] Ha inviato 39
[THREAD-198] Il server ha risposto con 1493172224
[THREAD-198] Ha inviato 47
[THREAD-198] Il server ha risposto con 1140850688
[THREAD-198] Ha inviato 78
[THREAD-198] Il server ha risposto con -1761607680
[THREAD-198] Ha inviato 223
[THREAD-198] Il server ha risposto con -603914240
[THREAD-198] Ha inviato 227
[THREAD-198] Il server ha risposto con 1694564352
[THREAD-198] Ha inviato 215
[THREAD-198] Il server ha risposto con 620822528
[THREAD-198] Ha inviato 161
[THREAD-198] Il server ha risposto con 1241579520
[THREAD-198] Ha inviato 42
[THREAD-198] Il server ha risposto con 838860800
[THREAD-198] Ha inviato 250
[THREAD-198] Il server ha risposto con 1778450432
[THREAD-198] Ha inviato 50
[THREAD-198] Il server ha risposto con 100728832
[THREAD-198] Ha inviato 200
[THREAD-198] Il server ha risposto con 2046885888
[THREAD-198] Ha inviato 247
[THREAD-198] Il server ha risposto con -2130640896
[THREAD-198] Ha inviato 218
[THREAD-198] Il server ha risposto con 50397184
[THREAD-198] Ha inviato 147
[THREAD-198] Il server ha risposto con -419430400
[THREAD-198] Ha inviato 9
[THREAD-198] Il server ha risposto con 1358954496
[THREAD-198] Ha inviato 22
[THREAD-198] Il server ha risposto con -1342177280
[THREAD-198] Ha inviato 136
[THREAD-198] Il server ha risposto con -1845493760
[THREAD-198] Ha inviato 77
[THREAD-198] Il server ha risposto con 151060480
[THREAD-198] Ha inviato 169
[THREAD-198] Il server ha risposto con 2113994752
[THREAD-198] Ha inviato 85
[THREAD-198] Il server ha risposto con 1660944384
[THREAD-198] Ha inviato 248
[THREAD-198] Il server ha risposto con 268500992
[THREAD-198] Ha inviato 10
[THREAD-198] Il server ha risposto con -1308622848
[THREAD-198] Ha inviato 12
[THREAD-198] Il server ha risposto con 1342177280
[THREAD-198] Ha inviato 189
[THREAD-198] Il server ha risposto con 1761673216
[THREAD-198] Ha inviato 164
[THREAD-198] Il server ha risposto con -16777216
[THREAD-198] Ha inviato 149
[THREAD-198] Il server ha risposto con -2013200384
[THREAD-198] Ha inviato 109
[THREAD-198] Il server ha risposto con -83886080
[THREAD-198] Ha inviato 103
[THREAD-198] Il server ha risposto con -1291845632
[THREAD-198] Ha inviato 249
[THREAD-198] Il server ha risposto con -805240832
[THREAD-198] Ha inviato 223
[THREAD-198] Il server ha risposto con 201392128
[THREAD-198] Ha inviato 82
[THREAD-198] Il server ha risposto con -318767104
[THREAD-198] Ha inviato 32
[THREAD-198] Il server ha risposto con 687865856
[THREAD-198] Ha inviato 14
[THREAD-198] Il server ha risposto con 1342177280
[THREAD-198] Ha inviato 160
[THREAD-198] Il server ha risposto con -2063532032
[THREAD-198] Ha inviato 255
[THREAD-198] Il server ha risposto con 83951616
[THREAD-198] Ha inviato 242
[THREAD-198] Il server ha risposto con -1241448448
[THREAD-198] Ha inviato 119
[THREAD-198] Il server ha risposto con -1442840576
[THREAD-198] Ha inviato 161
[THREAD-198] Il server ha risposto con 1342242816
[THREAD-198] Ha inviato 28
[THREAD-198] Il server ha risposto con -385875968
[THREAD-198] Ha inviato 114
[THREAD-198] Il server ha risposto con 352387072
[THREAD-198] Ha inviato 211
[THREAD-198] Il server ha risposto con 1459683328
[THREAD-198] Ha inviato 228
[THREAD-198] Il server ha risposto con 1661009920
[THREAD-198] Ha inviato 105
[THREAD-198] Il server ha risposto con -1778384896
[THREAD-198] Ha inviato 173
[THREAD-198] Il server ha risposto con 1510014976
[THREAD-198] Ha inviato 119
[THREAD-198] Il server ha risposto con 1258356736
[THREAD-198] Ha inviato 114
[THREAD-198] Il server ha risposto con -402653184
[THREAD-198] Ha inviato 195
[THREAD-198] Il server ha risposto con 167837696
[THREAD-198] Ha inviato 0
[THREAD-198] Il server ha risposto con -570425344
[THREAD-198] Ha inviato 192
[THREAD-198] Il server ha risposto con -234881024
[THREAD-198] Ha inviato 109
[THREAD-198] Il server ha risposto con -1996488704
[THREAD-198] Ha inviato 85
[THREAD-198] Il server ha risposto con 1090584576
[THREAD-198] Ha inviato 184
[THREAD-198] Il server ha risposto con 33619968
[THREAD-198] Ha inviato 119
[THREAD-198] Il server ha risposto con 989921280
[THREAD-198] Ha inviato 97
[THREAD-198] Il server ha risposto con -1862270976
[THREAD-198] Ha inviato 117
[THREAD-198] Il server ha risposto con 1795227648
[THREAD-198] Ha inviato 28
[THREAD-198] Il server ha risposto con 1006632960
[THREAD-198] Ha inviato 247
[THREAD-198] Il server ha risposto con 436273152
[THREAD-198] Ha inviato 227
[THREAD-198] Il server ha risposto con 1744896000
[THREAD-198] Ha inviato 131
[THREAD-198] Il server ha risposto con -285212672
[THREAD-198] Ha inviato 240
[THREAD-198] Il server ha risposto con -352256000
[THREAD-198] Ha inviato 194
[THREAD-198] Il server ha risposto con 1946222592
[THREAD-198] Ha inviato 214
[THREAD-198] Il server ha risposto con -587202560
[THREAD-198] Ha inviato 17
[THREAD-198] Il server ha risposto con 352321536
[THREAD-198] Ha inviato 209
[THREAD-198] Il server ha risposto con -989790208
[THREAD-198] Ha inviato 118
[THREAD-198] Il server ha risposto con 1644232704
[THREAD-198] Ha inviato 16
[THREAD-198] Il server ha risposto con 452984832
[THREAD-198] Ha inviato 195
[THREAD-198] Il server ha risposto con 2080440320
[THREAD-198] Ha inviato 238
[THREAD-198] Il server ha risposto con 234946560
[THREAD-198] Ha inviato 177
[THREAD-198] Il server ha risposto con 1795227648
[THREAD-198] Ha inviato 223
[THREAD-198] Il server ha risposto con 1694564352
[THREAD-198] Ha inviato 96
[THREAD-198] Il server ha risposto con 587268096
[THREAD-198] Ha inviato 133
[THREAD-198] Il server ha risposto con -1023410176
[THREAD-198] Ha inviato 195
[THREAD-198] Il server ha risposto con -939524096
[THREAD-198] Ha inviato 201
[THREAD-198] Il server ha risposto con -1174339584
[THREAD-198] Ha inviato 50
[THREAD-198] Il server ha risposto con 503382016
[THREAD-198] Ha inviato 58
[THREAD-198] Il server ha risposto con 318832640
[THREAD-198] Ha inviato 59
[THREAD-198] Il server ha risposto con -1577058304
[THREAD-198] Ha inviato 246
[THREAD-198] Il server ha risposto con 687931392
[THREAD-198] Ha inviato 58
[THREAD-198] Il server ha risposto con -251658240
[THREAD-198] Ha inviato 251
[THREAD-198] Il server ha risposto con -1811873792
[THREAD-198] Ha inviato 99
[THREAD-198] Il server ha risposto con -1291845632
[THREAD-198] Ha inviato 143
[THREAD-198] Il server ha risposto con 838926336
[THREAD-198] Ha inviato 180
[THREAD-198] Il server ha risposto con -1761542144
[THREAD-198] Ha inviato 218
[THREAD-198] Il server ha risposto con -301989888
[THREAD-198] Ha inviato 241
[THREAD-198] Il server ha risposto con -1006567424
[THREAD-198] Ha inviato 41
[THREAD-198] Il server ha risposto con 33619968
[THREAD-198] Ha inviato 246
[THREAD-198] Il server ha risposto con 704708608
[THREAD-198] Ha inviato 232
[THREAD-198] Il server ha risposto con -553582592
[THREAD-198] Ha inviato 12
[THREAD-198] Il server ha risposto con 1778384896
[THREAD-198] Ha inviato 122
[THREAD-198] Il server ha risposto con 436273152
[THREAD-198] Ha inviato 216
[THREAD-198] Il server ha risposto con -905904128
[THREAD-198] Ha inviato 207
[THREAD-198] Il server ha risposto con -553648128
[THREAD-198] Ha inviato 80
[THREAD-198] Il server ha risposto con -134217728
[THREAD-198] Ha inviato 233
[THREAD-198] Il server ha risposto con -553582592
[THREAD-198] Ha inviato 160
[THREAD-198] Il server ha risposto con -1526726656
[THREAD-198] Ha inviato 198
[THREAD-198] Il server ha risposto con 1510014976
[THREAD-198] Ha inviato 250
[THREAD-198] Il server ha risposto con -83886080
[THREAD-198] Ha inviato 99
[THREAD-198] Il server ha risposto con 553713664
[THREAD-198] Ha inviato 180
[THREAD-198] Il server ha risposto con 1744896000
[THREAD-198] Ha inviato 171
[THREAD-198] Il server ha risposto con 1728118784
[THREAD-198] Ha inviato 66
[THREAD-198] Il server ha risposto con -2046820352
[THREAD-198] Ha inviato 20
[THREAD-198] Il server ha risposto con -1946157056
[THREAD-198] Ha inviato 48
[THREAD-198] Il server ha risposto con 704708608
[THREAD-198] Ha inviato 5
[THREAD-198] Il server ha risposto con 1308622848
[THREAD-198] Ha inviato 221
[THREAD-198] Il server ha risposto con 1174470656
[THREAD-198] Ha inviato 99
[THREAD-198] Il server ha risposto con 1224802304
[THREAD-198] Ha inviato 63
[THREAD-198] Il server ha risposto con 1644167168
[THREAD-198] Ha inviato 25
[THREAD-198] Il server ha risposto con -385875968
[THREAD-198] Ha inviato 89
[THREAD-198] Il server ha risposto con 1929379840
[THREAD-198] Ha inviato 122
[THREAD-198] Il server ha risposto con 1409351680
[THREAD-198] Ha inviato 20
[THREAD-198] Il server ha risposto con 2097152000
[THREAD-198] Ha inviato 188
[THREAD-198] Il server ha risposto con 637599744
[THREAD-198] Ha inviato 9
[THREAD-198] Il server ha risposto con -2030043136
[THREAD-198] Ha inviato 200
[THREAD-198] Il server ha risposto con 335609856
[THREAD-198] Ha inviato 150
[THREAD-198] Il server ha risposto con 335609856
[THREAD-198] Ha inviato 250
[THREAD-198] Il server ha risposto con 1258356736
[THREAD-198] Ha inviato 242
[THREAD-198] Il server ha risposto con 385941504
[THREAD-198] Ha inviato 141
[THREAD-198] Il server ha risposto con 1073807360
[THREAD-198] Ha inviato 226
[THREAD-198] Il server ha risposto con 704708608
[THREAD-198] Ha inviato 254
[THREAD-198] Il server ha risposto con -2113863680
[THREAD-198] Ha inviato 7
[THREAD-198] Il server ha risposto con 1509949440
[THREAD-198] Ha inviato 187
[THREAD-198] Il server ha risposto con -184549376
[THREAD-198] Ha inviato 205
[THREAD-198] Il server ha risposto con 1627455488
[THREAD-198] Ha inviato 87
[THREAD-198] Il server ha risposto con 1375797248
[THREAD-198] Ha inviato 164
[THREAD-198] Il server ha risposto con -721420288
[THREAD-198] Ha inviato 109
[THREAD-198] Il server ha risposto con 100728832
[THREAD-198] Ha inviato 29
[THREAD-198] Il server ha risposto con -1392508928
[THREAD-198] Ha inviato 158
[THREAD-198] Il server ha risposto con -805306368
[THREAD-198] Ha inviato 208
[THREAD-198] Il server ha risposto con 654376960
[THREAD-198] Ha inviato 210
[THREAD-198] Il server ha risposto con 369164288
[THREAD-198] Ha inviato 74
[THREAD-198] Il server ha risposto con 939589632
[THREAD-198] Ha inviato 18
[THREAD-198] Il server ha risposto con -1392508928
[THREAD-198] Ha inviato 230
[THREAD-198] Il server ha risposto con -1576992768
[THREAD-198] Ha inviato 122
[THREAD-198] Il server ha risposto con 1661009920
[THREAD-198] Ha inviato 23
[THREAD-198] Il server ha risposto con -67108864
[THREAD-198] Ha inviato 196
[THREAD-198] Il server ha risposto con -385875968
[THREAD-198] Ha inviato 221
[THREAD-198] Il server ha risposto con -1409220608
[THREAD-198] Ha inviato 87
[THREAD-198] Il server ha risposto con 1593835520
[THREAD-198] Ha inviato 221
[THREAD-198] Il server ha risposto con -771686400
[THREAD-198] Ha inviato 54
[THREAD-198] Il server ha risposto con 520159232
[THREAD-198] Ha inviato 209
[THREAD-198] Il server ha risposto con -1291780096
[THREAD-198] Ha inviato 241
[THREAD-198] Il server ha risposto con 1325465600
[THREAD-198] Ha inviato 242
[THREAD-198] Il server ha risposto con 1157693440
[THREAD-198] Ha inviato 218
[THREAD-198] Il server ha risposto con 973144064
[THREAD-198] Ha inviato 186
[THREAD-198] Il server ha risposto con 1677787136
[THREAD-198] Ha inviato 137
[THREAD-198] Il server ha risposto con 1526792192
[THREAD-198] Ha inviato 213
[THREAD-198] Il server ha risposto con -2029977600
[THREAD-198] Ha inviato 172
[THREAD-198] Il server ha risposto con 2080440320
[THREAD-198] Ha inviato 22
[THREAD-198] Il server ha risposto con -1694498816
[THREAD-198] Ha inviato 183
[THREAD-198] Il server ha risposto con -1325334528
[THREAD-198] Ha inviato 170
[THREAD-198] Il server ha risposto con -33554432
[THREAD-198] Ha inviato 29
[THREAD-198] Il server ha risposto con -184549376
[THREAD-198] Ha inviato 114
[THREAD-198] Il server ha risposto con -1493172224
[THREAD-198] Ha inviato 120
[THREAD-198] Il server ha risposto con 1610678272
[THREAD-198] Ha inviato 116
[THREAD-198] Il server ha risposto con 1208025088
[THREAD-198] Ha inviato 23
[THREAD-198] Il server ha risposto con 2097152000
[THREAD-198] Ha inviato 229
[THREAD-198] Il server ha risposto con 1728118784
[THREAD-198] Ha inviato 145
[THREAD-198] Il server ha risposto con -184549376
[THREAD-198] Ha inviato 181
[THREAD-198] Il server ha risposto con 1291911168
[THREAD-198] Ha inviato 182
[THREAD-198] Il server ha risposto con -1895759872
[THREAD-198] Ha inviato 99
[THREAD-198] Il server ha risposto con 184614912
[THREAD-198] Ha inviato 255
[THREAD-198] Il server ha risposto con -2046754816
[THREAD-198] Ha inviato 200
[THREAD-198] Il server ha risposto con 1023475712
[THREAD-198] Ha inviato 74
[THREAD-198] Il server ha risposto con -1358954496
[THREAD-198] Ha inviato 122
[THREAD-198] Il server ha risposto con -369098752
[THREAD-198] Ha inviato 224
[THREAD-198] Il server ha risposto con 973144064
[THREAD-198] Ha inviato 14
[THREAD-198] Il server ha risposto con -1744830464
[THREAD-198] Ha inviato 87
[THREAD-198] Il server ha risposto con -1778384896
[THREAD-198] Ha inviato 55
[THREAD-198] Il server ha risposto con -1728053248
[THREAD-198] Ha inviato 235
[THREAD-198] Il server ha risposto con 1795227648
[THREAD-198] Ha inviato 142
[THREAD-198] Il server ha risposto con -1224736768
[THREAD-198] Ha inviato 8
[THREAD-198] Il server ha risposto con 1275068416
[THREAD-198] Ha inviato 220
[THREAD-198] Il server ha risposto con -1174339584
[THREAD-198] Ha inviato 128
[THREAD-198] Il server ha risposto con -67108864
[THREAD-198] Ha inviato 226
[THREAD-198] Il server ha risposto con -2029977600
[THREAD-198] Ha inviato 150
[THREAD-198] Il server ha risposto con 520159232
[THREAD-198] Ha inviato 9
[THREAD-198] Il server ha risposto con 1459617792
[THREAD-198] Ha inviato 183
[THREAD-198] Il server ha risposto con 234946560
[THREAD-198] Ha inviato 66
[THREAD-198] Il server ha risposto con -1694498816
[THREAD-198] Ha inviato 31
[THREAD-198] Il server ha risposto con -234881024
[THREAD-198] Ha inviato 111
[THREAD-198] Il server ha risposto con -1073741824
[THREAD-198] Ha inviato 237
[THREAD-198] Il server ha risposto con -1711210496
[THREAD-198] Ha inviato 60
[THREAD-198] Il server ha risposto con -402653184
[THREAD-198] Ha inviato 225
[THREAD-198] Il server ha risposto con 1728118784
[THREAD-198] Ha inviato 101
[THREAD-198] Il server ha risposto con -100663296
[THREAD-198] Ha inviato 176
[THREAD-198] Il server ha risposto con 805371904
[THREAD-198] Ha inviato 248
[THREAD-198] Il server ha risposto con -469696512
[THREAD-198] Ha inviato 74
[THREAD-198] Il server ha risposto con 1627389952
[THREAD-198] Ha inviato 66
[THREAD-198] Il server ha risposto con 637599744
[THREAD-198] Ha inviato 174
[THREAD-198] Il server ha risposto con 855703552
[THREAD-198] Ha inviato 0
[THREAD-198] Il server ha risposto con -251658240
[THREAD-198] Ha inviato 165
[THREAD-198] Il server ha risposto con 822149120
[THREAD-198] Ha inviato 173
[THREAD-198] Il server ha risposto con -1191182336
[THREAD-198] Ha inviato 201
[THREAD-198] Il server ha risposto con 788594688
[THREAD-198] Ha inviato 239
[THREAD-198] Il server ha risposto con -536805376
[THREAD-198] Ha inviato 39
[THREAD-198] Il server ha risposto con -1560281088
[THREAD-198] Ha inviato 169
[THREAD-198] Il server ha risposto con 1761673216
[THREAD-198] Ha inviato 253
[THREAD-198] Il server ha risposto con 2030108672
[THREAD-198] Ha inviato 127
[THREAD-198] Il server ha risposto con 973144064
[THREAD-198] Ha inviato 224
[THREAD-198] Il server ha risposto con 33619968
[THREAD-198] Ha inviato 232
[THREAD-198] Il server ha risposto con -469696512
[THREAD-198] Ha inviato 13
[THREAD-198] Il server ha risposto con -251658240
[THREAD-198] Ha inviato 232
[THREAD-198] Il server ha risposto con 1308688384
[THREAD-198] Ha inviato 197
[THREAD-198] Il server ha risposto con -1627324416
[THREAD-198] Ha inviato 141
[THREAD-198] Il server ha risposto con -301989888
[THREAD-198] Ha inviato 202
[THREAD-198] Il server ha risposto con -721420288
[THREAD-198] Ha inviato 91
[THREAD-198] Il server ha risposto con -1107296256
[THREAD-198] Ha inviato 151
[THREAD-198] Il server ha risposto con 1174470656
[THREAD-198] Ha inviato 130
[THREAD-198] Il server ha risposto con -469762048
[THREAD-198] Ha inviato 158
[THREAD-198] Il server ha risposto con 1510014976
[THREAD-198] Ha inviato 182
[THREAD-198] Il server ha risposto con 956366848
[THREAD-198] Ha inviato 241
[THREAD-198] Il server ha risposto con -1526661120
[THREAD-198] Ha inviato 139
[THREAD-198] Il server ha risposto con -201326592
[THREAD-198] Ha inviato 243
[THREAD-198] Il server ha risposto con 570490880
[THREAD-198] Ha inviato 210
[THREAD-198] Il server ha risposto con 201392128
[THREAD-198] Ha inviato 240
[THREAD-198] Il server ha risposto con -285147136
[THREAD-198] Ha inviato 163
[THREAD-198] Il server ha risposto con 1375797248
[THREAD-198] Ha inviato 203
[THREAD-198] Il server ha risposto con -234881024
[THREAD-198] Ha inviato 58
[THREAD-198] Il server ha risposto con 1342177280
[THREAD-198] Ha inviato 229
[THREAD-198] Il server ha risposto con 2013331456
[THREAD-198] Ha inviato 121
[THREAD-198] Il server ha risposto con 620822528
[THREAD-198] Ha inviato 59
[THREAD-198] Il server ha risposto con 1107296256
[THREAD-198] Ha inviato 139
[THREAD-198] Il server ha risposto con -1442840576
[THREAD-198] Ha inviato 38
[THREAD-198] Il server ha risposto con -570425344
[THREAD-198] Ha inviato 4
[THREAD-198] Il server ha risposto con 1895825408
[THREAD-198] Ha inviato 122
[THREAD-198] Il server ha risposto con -1962934272
[THREAD-198] Ha inviato 78
[THREAD-198] Il server ha risposto con -2113929216
[THREAD-198] Ha inviato 173
[THREAD-198] Il server ha risposto con -637534208
[THREAD-198] Ha inviato 120
[THREAD-198] Il server ha risposto con 83951616
[THREAD-198] Ha inviato 205
[THREAD-198] Il server ha risposto con -1140785152
[THREAD-198] Ha inviato 141
[THREAD-198] Il server ha risposto con -603979776
[THREAD-198] Ha inviato 96
[THREAD-198] Il server ha risposto con -385875968
[THREAD-198] Ha inviato 218
[THREAD-198] Il server ha risposto con -1375666176
[THREAD-198] Ha inviato 117
[THREAD-198] Il server ha risposto con 721485824
[THREAD-198] Ha inviato 37
[THREAD-198] Il server ha risposto con -2013265920
[THREAD-198] Ha inviato 103
[THREAD-198] Il server ha risposto con -1677721600
[THREAD-198] Ha inviato 63
[THREAD-198] Il server ha risposto con 65536
[THREAD-198] Ha inviato 129
[THREAD-198] Il server ha risposto con 1208025088
[THREAD-198] Ha inviato 254
[THREAD-198] Il server ha risposto con -503250944
[THREAD-198] Ha inviato 193
[THREAD-198] Il server ha risposto con -452984832
[THREAD-198] Ha inviato 31
[THREAD-198] Il server ha risposto con -1577058304
[THREAD-198] Ha inviato 181
[THREAD-198] Il server ha risposto con 469827584
[THREAD-198] Ha inviato 178
[THREAD-198] Il server ha risposto con -1979645952
[THREAD-198] Ha inviato 170
[THREAD-198] Il server ha risposto con -1761542144
[THREAD-198] Ha inviato 168
[THREAD-198] Il server ha risposto con 1040252928
[THREAD-198] Ha inviato 133
[THREAD-198] Il server ha risposto con -1761607680
[THREAD-198] Ha inviato 154
[THREAD-198] Il server ha risposto con -2046754816
[THREAD-198] Ha inviato 75
[THREAD-198] Il server ha risposto con -1879048192
[THREAD-198] Ha inviato 80
[THREAD-198] Il server ha risposto con -1996488704
[THREAD-198] Ha inviato 212
[THREAD-198] Il server ha risposto con -704643072
[THREAD-198] Ha inviato 49
[THREAD-198] Il server ha risposto con 151060480
[THREAD-198] Ha inviato 201
[THREAD-198] Il server ha risposto con -1375666176
[THREAD-198] Ha inviato 15
[THREAD-198] Il server ha risposto con 419430400
[THREAD-198] Ha inviato 188
[THREAD-198] Il server ha risposto con -1275002880
[THREAD-198] Ha inviato 239
[THREAD-198] Il server ha risposto con -1946091520
[THREAD-198] Ha inviato 19
[THREAD-198] Il server ha risposto con -1979711488
[THREAD-198] Ha inviato 54
[THREAD-198] Il server ha risposto con 1056964608
[THREAD-198] Ha inviato 61
[THREAD-198] Il server ha risposto con 234946560
[THREAD-198] Ha inviato 192
[THREAD-198] Il server ha risposto con 1694564352
[THREAD-198] Ha inviato 174
[THREAD-198] Il server ha risposto con 1140916224
[THREAD-198] Ha inviato 10
[THREAD-198] Il server ha risposto con -889192448
[THREAD-198] Ha inviato 77
[THREAD-198] Il server ha risposto con 1090584576
[THREAD-198] Ha inviato 15
[THREAD-198] Il server ha risposto con 771751936
[THREAD-198] Ha inviato 228
[THREAD-198] Il server ha risposto con 2030108672
[THREAD-198] Ha inviato 194
[THREAD-198] Il server ha risposto con 1812004864
[THREAD-198] Ha inviato 52
[THREAD-198] Il server ha risposto con -1241513984
Server avviato e in ascolto
[THREAD-103] Nuovo client connesso
[THREAD-103] Ha inviato 217
[THREAD-103] Il server ha risposto con 322
[THREAD-103] Ha inviato 137
[THREAD-103] Il server ha risposto con 252
[THREAD-103] Ha inviato 95
[THREAD-103] Il server ha risposto con 176
[THREAD-103] Ha inviato 74
[THREAD-103] Il server ha risposto con 329
[THREAD-198] Nuovo client connesso
[THREAD-198] Ha inviato 41
[THREAD-198] Il server ha risposto con 277
[THREAD-103] Ha inviato 248
[THREAD-103] Il server ha risposto con 289
[THREAD-103] Ha inviato 169
[THREAD-103] Il server ha risposto con 374
[THREAD-103] Ha inviato 39
[THREAD-103] Il server ha risposto con 225
[THREAD-74] Nuovo client connesso
[THREAD-74] Ha inviato 100
[THREAD-74] Il server ha risposto con 342
[THREAD-103] Ha inviato 69
[THREAD-103] Il server ha risposto con 320
[THREAD-74] Ha inviato 144
[THREAD-74] Il server ha risposto con 371
[THREAD-103] Ha inviato 24
[THREAD-103] Il server ha risposto con 94
[THREAD-74] Ha inviato 131
[THREAD-74] Il server ha risposto con 255
[THREAD-103] Ha inviato 199
[THREAD-103] Il server ha risposto con 393
[THREAD-74] Ha inviato 30
[THREAD-74] Il server ha risposto con 114
[THREAD-103] Ha inviato 0
[THREAD-103] Il server ha risposto con 248
[THREAD-74] Ha inviato 52
[THREAD-74] Il server ha risposto con 79
[THREAD-103] Ha inviato 214
[THREAD-103] Il server ha risposto con 446
[THREAD-74] Ha inviato 55
[THREAD-74] Il server ha risposto con 286
[THREAD-103] Ha inviato 57
[THREAD-103] Il server ha risposto con 198
[THREAD-74] Ha inviato 154
[THREAD-74] Il server ha risposto con 272
[THREAD-103] Ha inviato 239
[THREAD-103] Il server ha risposto con 329
[THREAD-74] Ha inviato 44
[THREAD-74] Il server ha risposto con 90
[THREAD-103] Ha inviato 106
[THREAD-103] Il server ha risposto con 205
[THREAD-74] Ha inviato 176
[THREAD-74] Il server ha risposto con 227
[THREAD-103] Ha inviato 116
[THREAD-103] Il server ha risposto con 275
[THREAD-74] Ha inviato 89
[THREAD-74] Il server ha risposto con 290
[THREAD-103] Ha inviato 186
[THREAD-103] Il server ha risposto con 340
[THREAD-74] Ha inviato 99
[THREAD-74] Il server ha risposto con 201
[THREAD-103] Ha inviato 17
[THREAD-103] Il server ha risposto con 67
[THREAD-74] Ha inviato 244
[THREAD-74] Il server ha risposto con 257
[THREAD-103] Ha inviato 165
[THREAD-103] Il server ha risposto con 348
[THREAD-74] Ha inviato 169
[THREAD-74] Il server ha risposto con 218
[THREAD-103] Ha inviato 250
[THREAD-103] Il server ha risposto con 338
[THREAD-74] Ha inviato 52
[THREAD-74] Il server ha risposto con 215
[THREAD-103] Ha inviato 221
[THREAD-103] Il server ha risposto con 311
[THREAD-74] Ha inviato 80
[THREAD-74] Il server ha risposto con 117
[THREAD-103] Ha inviato 173
[THREAD-103] Il server ha risposto con 266
[THREAD-74] Ha inviato 200
[THREAD-74] Il server ha risposto con 205
[THREAD-103] Ha inviato 214
[THREAD-103] Il server ha risposto con 237
[THREAD-74] Ha inviato 145
[THREAD-74] Il server ha risposto con 233
[THREAD-103] Ha inviato 56
[THREAD-103] Il server ha risposto con 289
[THREAD-74] Ha inviato 105
[THREAD-74] Il server ha risposto con 199
[THREAD-103] Ha inviato 192
[THREAD-103] Il server ha risposto con 404
[THREAD-74] Ha inviato 18
[THREAD-74] Il server ha risposto con 189
[THREAD-103] Ha inviato 96
[THREAD-103] Il server ha risposto con 274
[THREAD-74] Ha inviato 177
[THREAD-74] Il server ha risposto con 382
[THREAD-103] Ha inviato 63
[THREAD-103] Il server ha risposto con 261
[THREAD-74] Ha inviato 196
[THREAD-74] Il server ha risposto con 351
[THREAD-103] Ha inviato 90
[THREAD-103] Il server ha risposto con 270
[THREAD-74] Ha inviato 225
[THREAD-74] Il server ha risposto con 309
[THREAD-103] Ha inviato 175
[THREAD-103] Il server ha risposto con 192
[THREAD-74] Ha inviato 112
[THREAD-74] Il server ha risposto con 126
[THREAD-103] Ha inviato 243
[THREAD-103] Il server ha risposto con 373
[THREAD-74] Ha inviato 59
[THREAD-74] Il server ha risposto con 175
[THREAD-103] Ha inviato 58
[THREAD-103] Il server ha risposto con 123
[THREAD-74] Ha inviato 7
[THREAD-74] Il server ha risposto con 40
[THREAD-103] Ha inviato 136
[THREAD-103] Il server ha risposto con 197
[THREAD-74] Ha inviato 131
[THREAD-74] Il server ha risposto con 351
[THREAD-103] Ha inviato 124
[THREAD-103] Il server ha risposto con 259
[THREAD-74] Ha inviato 254
[THREAD-74] Il server ha risposto con 366
[THREAD-103] Ha inviato 153
[THREAD-103] Il server ha risposto con 386
[THREAD-74] Ha inviato 102
[THREAD-74] Il server ha risposto con 164
[THREAD-103] Ha inviato 211
[THREAD-103] Il server ha risposto con 372
[THREAD-74] Ha inviato 206
[THREAD-74] Il server ha risposto con 271
[THREAD-103] Ha inviato 116
[THREAD-103] Il server ha risposto con 341
[THREAD-74] Ha inviato 184
[THREAD-74] Il server ha risposto con 436
[THREAD-103] Ha inviato 67
[THREAD-103] Il server ha risposto con 170
[THREAD-74] Ha inviato 48
[THREAD-74] Il server ha risposto con 110
[THREAD-103] Ha inviato 250
[THREAD-103] Il server ha risposto con 251
[THREAD-74] Ha inviato 50
[THREAD-74] Il server ha risposto con 176
[THREAD-103] Ha inviato 185
[THREAD-103] Il server ha risposto con 336
[THREAD-74] Ha inviato 72
[THREAD-74] Il server ha risposto con 306
[THREAD-103] Ha inviato 91
[THREAD-103] Il server ha risposto con 311
[THREAD-74] Ha inviato 179
[THREAD-74] Il server ha risposto con 286
[THREAD-103] Ha inviato 193
[THREAD-103] Il server ha risposto con 343
[THREAD-74] Ha inviato 80
[THREAD-74] Il server ha risposto con 223
[THREAD-103] Ha inviato 185
[THREAD-103] Il server ha risposto con 241
[THREAD-74] Ha inviato 124
[THREAD-74] Il server ha risposto con 216
[THREAD-103] Ha inviato 49
[THREAD-103] Il server ha risposto con 91
[THREAD-74] Ha inviato 234
[THREAD-74] Il server ha risposto con 470
[THREAD-103] Ha inviato 250
[THREAD-103] Il server ha risposto con 426
[THREAD-74] Ha inviato 235
[THREAD-74] Il server ha risposto con 294
[THREAD-103] Ha inviato 168
[THREAD-103] Il server ha risposto con 419
[THREAD-74] Ha inviato 169
[THREAD-74] Il server ha risposto con 219
[THREAD-103] Ha inviato 155
[THREAD-103] Il server ha risposto con 330
[THREAD-74] Ha inviato 154
[THREAD-74] Il server ha risposto con 214
[THREAD-103] Ha inviato 111
[THREAD-103] Il server ha risposto con 195
[THREAD-74] Ha inviato 68
[THREAD-74] Il server ha risposto con 304
[THREAD-103] Ha inviato 98
[THREAD-103] Il server ha risposto con 122
[THREAD-74] Ha inviato 12
[THREAD-74] Il server ha risposto con 231
[THREAD-103] Ha inviato 173
[THREAD-103] Il server ha risposto con 265
[THREAD-74] Ha inviato 143
[THREAD-74] Il server ha risposto con 145
[THREAD-103] Ha inviato 20
[THREAD-103] Il server ha risposto con 46
[THREAD-74] Ha inviato 237
[THREAD-74] Il server ha risposto con 491
[THREAD-103] Ha inviato 92
[THREAD-103] Il server ha risposto con 159
[THREAD-74] Ha inviato 64
[THREAD-74] Il server ha risposto con 315
[THREAD-74] Ha inviato 223
[THREAD-74] Il server ha risposto con 473
[THREAD-74] Ha inviato 182
[THREAD-74] Il server ha risposto con 352
[THREAD-74] Ha inviato 210
[THREAD-74] Il server ha risposto con 268
[THREAD-74] Ha inviato 72
[THREAD-74] Il server ha risposto con 323
[THREAD-74] Ha inviato 200
[THREAD-74] Il server ha risposto con 241
[THREAD-74] Ha inviato 131
[THREAD-74] Il server ha risposto con 340
[THREAD-74] Ha inviato 13
[THREAD-74] Il server ha risposto con 243
[THREAD-74] Ha inviato 169
[THREAD-74] Il server ha risposto con 174
[THREAD-74] Ha inviato 243
[THREAD-74] Il server ha risposto con 303
[THREAD-74] Ha inviato 72
[THREAD-74] Il server ha risposto con 196
[THREAD-74] Ha inviato 176
[THREAD-74] Il server ha risposto con 324
[THREAD-74] Ha inviato 119
[THREAD-74] Il server ha risposto con 236
[THREAD-74] Ha inviato 71
[THREAD-74] Il server ha risposto con 287
[THREAD-74] Ha inviato 23
[THREAD-74] Il server ha risposto con 213
[THREAD-74] Ha inviato 69
[THREAD-74] Il server ha risposto con 166
[THREAD-74] Ha inviato 255
[THREAD-74] Il server ha risposto con 392
[THREAD-74] Ha inviato 71
[THREAD-74] Il server ha risposto con 320
[THREAD-74] Ha inviato 119
[THREAD-74] Il server ha risposto con 211
[THREAD-74] Ha inviato 71
[THREAD-74] Il server ha risposto con 258
[THREAD-74] Ha inviato 251
[THREAD-74] Il server ha risposto con 419
[THREAD-74] Ha inviato 199
[THREAD-74] Il server ha risposto con 352
[THREAD-74] Ha inviato 195
[THREAD-74] Il server ha risposto con 210
[THREAD-74] Ha inviato 229
[THREAD-74] Il server ha risposto con 378
[THREAD-74] Ha inviato 178
[THREAD-74] Il server ha risposto con 355
[THREAD-74] Ha inviato 108
[THREAD-74] Il server ha risposto con 343
[THREAD-74] Ha inviato 128
[THREAD-74] Il server ha risposto con 369
[THREAD-74] Ha inviato 246
[THREAD-74] Il server ha risposto con 425
[THREAD-74] Ha inviato 120
[THREAD-74] Il server ha risposto con 125
[THREAD-74] Ha inviato 15
[THREAD-74] Il server ha risposto con 254
[THREAD-74] Ha inviato 228
[THREAD-74] Il server ha risposto con 475
[THREAD-74] Ha inviato 185
[THREAD-74] Il server ha risposto con 185
[THREAD-74] Ha inviato 238
[THREAD-74] Il server ha risposto con 471
[THREAD-74] Ha inviato 154
[THREAD-74] Il server ha risposto con 315
[THREAD-74] Ha inviato 139
[THREAD-74] Il server ha risposto con 197
[THREAD-74] Ha inviato 55
[THREAD-74] Il server ha risposto con 284
[THREAD-74] Ha inviato 98
[THREAD-74] Il server ha risposto con 300
[THREAD-74] Ha inviato 14
[THREAD-74] Il server ha risposto con 25
[THREAD-74] Ha inviato 68
[THREAD-74] Il server ha risposto con 271
[THREAD-74] Ha inviato 11
[THREAD-74] Il server ha risposto con 219
[THREAD-74] Ha inviato 1
[THREAD-74] Il server ha risposto con 73
[THREAD-74] Ha inviato 140
[THREAD-74] Il server ha risposto con 211
[THREAD-74] Ha inviato 188
[THREAD-74] Il server ha risposto con 288
[THREAD-74] Ha inviato 120
[THREAD-74] Il server ha risposto con 309
[THREAD-74] Ha inviato 211
[THREAD-74] Il server ha risposto con 242
[THREAD-74] Ha inviato 211
[THREAD-74] Il server ha risposto con 246
[THREAD-74] Ha inviato 189
[THREAD-74] Il server ha risposto con 219
[THREAD-74] Ha inviato 210
[THREAD-74] Il server ha risposto con 378
[THREAD-74] Ha inviato 26
[THREAD-74] Il server ha risposto con 54
